// Jest Snapshot v1, https://goo.gl/fbAQLP

exports[`ForgotPasswordContainer should render correctly 1`] = `
<ForgotPasswordContainer
  resetPasswordAction={[Function]}
>
  <div
    className="forgot-password-container"
  >
    <div
      className="forgot-password-header"
    >
      Forgot Password
    </div>
    <div
      className="forgot-password-section"
    >
      <div
        className="forgot-password-text"
      >
        Fill in your email below to request a new password. An email will be sent to the address below containing a link to verify your email address.
      </div>
      <form
        className="forgot-password-form"
        name="form"
        onSubmit={[Function]}
      >
        <div
          className="forgot-password-form-section"
        >
          <div
            className="form-group"
          >
            <Input
              handleChange={[Function]}
              name="email"
              required={true}
              title="Email Address"
              type="text"
            >
              <div
                className="input-container"
              >
                <div
                  className="input-title"
                >
                  Email Address
                  <span
                    className="input-required"
                  >
                    *
                  </span>
                </div>
                <input
                  name="email"
                  onChange={[Function]}
                  type="text"
                />
              </div>
            </Input>
          </div>
        </div>
        <div
          className="forgot-password-form-section"
        >
          <Button
            onClick={[Function]}
            text="Reset Password"
            type="black"
          >
            <div
              className="black-button"
              onClick={[Function]}
            >
              Reset Password
            </div>
          </Button>
        </div>
      </form>
    </div>
  </div>
</ForgotPassword>
`;
