// Jest Snapshot v1, https://goo.gl/fbAQLP

exports[`RegisterPage should render correctly 1`] = `
<RegisterPage
  registration={
    Object {
      "registering": false,
    }
  }
  store={
    Object {
      "clearActions": [Function],
      "dispatch": [Function],
      "getActions": [Function],
      "getState": [Function],
      "replaceReducer": [Function],
      "subscribe": [Function],
    }
  }
>
  <div
    className="register-page-container"
  >
    <div
      className="register-page-header"
    >
      Create Account
    </div>
    <form
      className="register-page-form"
      name="form"
      onSubmit={[Function]}
    >
      <div
        className="register-page-form-section"
      >
        <div
          className="form-group"
        >
          <Input
            handleChange={[Function]}
            name="email"
            required={true}
            title="Email Address"
            type="text"
          >
            <div
              className="input-container"
            >
              <div
                className="input-title"
              >
                Email Address
                <span
                  className="input-required"
                >
                  *
                </span>
              </div>
              <input
                name="email"
                onChange={[Function]}
                type="text"
              />
            </div>
          </Input>
        </div>
        <div
          className="form-group"
        >
          <Input
            handleChange={[Function]}
            name="password"
            required={true}
            title="Password"
            type="password"
          >
            <div
              className="input-container"
            >
              <div
                className="input-title"
              >
                Password
                <span
                  className="input-required"
                >
                  *
                </span>
              </div>
              <input
                name="password"
                onChange={[Function]}
                type="password"
              />
            </div>
          </Input>
        </div>
        <div
          className="form-group"
        >
          <Input
            handleChange={[Function]}
            name="confirmPassword"
            required={true}
            title="Confirm Password"
            type="password"
          >
            <div
              className="input-container"
            >
              <div
                className="input-title"
              >
                Confirm Password
                <span
                  className="input-required"
                >
                  *
                </span>
              </div>
              <input
                name="confirmPassword"
                onChange={[Function]}
                type="password"
              />
            </div>
          </Input>
        </div>
      </div>
      <div
        className="register-page-form-section"
      >
        <div
          className="form-group"
        >
          <Input
            handleChange={[Function]}
            name="firstName"
            required={true}
            title="First Name"
            type="text"
          >
            <div
              className="input-container"
            >
              <div
                className="input-title"
              >
                First Name
                <span
                  className="input-required"
                >
                  *
                </span>
              </div>
              <input
                name="firstName"
                onChange={[Function]}
                type="text"
              />
            </div>
          </Input>
        </div>
        <div
          className="form-group"
        >
          <Input
            handleChange={[Function]}
            name="lastName"
            required={true}
            title="Last Name"
            type="text"
          >
            <div
              className="input-container"
            >
              <div
                className="input-title"
              >
                Last Name
                <span
                  className="input-required"
                >
                  *
                </span>
              </div>
              <input
                name="lastName"
                onChange={[Function]}
                type="text"
              />
            </div>
          </Input>
        </div>
        <div
          className="form-group"
        >
        </div>
        <div
          className="form-group"
        >
          <Input
            handleChange={[Function]}
            name="phoneNumber"
            required={true}
            title="Phone Number"
            type="tel"
          >
            <div
              className="input-container"
            >
              <div
                className="input-title"
              >
                Phone Number
                <span
                  className="input-required"
                >
                  *
                </span>
              </div>
              <input
                name="phoneNumber"
                onChange={[Function]}
                type="tel"
              />
            </div>
          </Input>
        </div>
        <div
          className="form-group"
        >
          <Input
            handleChange={[Function]}
            name="addressLineOne"
            required={true}
            title="Address Line 1"
            type="text"
          >
            <div
              className="input-container"
            >
              <div
                className="input-title"
              >
                Address Line 1
                <span
                  className="input-required"
                >
                  *
                </span>
              </div>
              <input
                name="addressLineOne"
                onChange={[Function]}
                type="text"
              />
            </div>
          </Input>
        </div>
        <div
          className="form-group"
        >
          <Input
            handleChange={[Function]}
            name="addressLineTwo"
            required={false}
            title="Address Line 2"
            type="text"
          >
            <div
              className="input-container"
            >
              <div
                className="input-title"
              >
                Address Line 2
              </div>
              <input
                name="addressLineTwo"
                onChange={[Function]}
                type="text"
              />
            </div>
          </Input>
        </div>
        <div
          className="form-group"
        >
          <Input
            handleChange={[Function]}
            name="city"
            required={true}
            title="Suburb/City"
            type="text"
          >
            <div
              className="input-container"
            >
              <div
                className="input-title"
              >
                Suburb/City
                <span
                  className="input-required"
                >
                  *
                </span>
              </div>
              <input
                name="city"
                onChange={[Function]}
                type="text"
              />
            </div>
          </Input>
        </div>
        <div
          className="form-group"
        >
          <Input
            handleChange={[Function]}
            name="country"
            required={true}
            title="Country"
            type="text"
          >
            <div
              className="input-container"
            >
              <div
                className="input-title"
              >
                Country
                <span
                  className="input-required"
                >
                  *
                </span>
              </div>
              <input
                name="country"
                onChange={[Function]}
                type="text"
              />
            </div>
          </Input>
        </div>
        <div
          className="form-group"
        >
          <Input
            handleChange={[Function]}
            name="state"
            required={true}
            title="State/Province"
            type="text"
          >
            <div
              className="input-container"
            >
              <div
                className="input-title"
              >
                State/Province
                <span
                  className="input-required"
                >
                  *
                </span>
              </div>
              <input
                name="state"
                onChange={[Function]}
                type="text"
              />
            </div>
          </Input>
        </div>
        <div
          className="form-group"
        >
          <Input
            handleChange={[Function]}
            name="zip"
            required={true}
            title="Zip/Postcode"
            type="number"
          >
            <div
              className="input-container"
            >
              <div
                className="input-title"
              >
                Zip/Postcode
                <span
                  className="input-required"
                >
                  *
                </span>
              </div>
              <input
                name="zip"
                onChange={[Function]}
                type="number"
              />
            </div>
          </Input>
        </div>
      </div>
      <div
        className="register-page-button-container"
      >
        <Button
          onClick={[Function]}
          text="Create Account"
          type="black"
        >
          <div
            className="black-button"
            onClick={[Function]}
          >
            Create Account
          </div>
        </Button>
        <Link
          className="register-page-login-button"
          onlyActiveOnIndex={false}
          style={Object {}}
          to="/login"
        >
          <a
            className="register-page-login-button"
            onClick={[Function]}
            style={Object {}}
          >
            <Button
              text="Login"
              type="clear"
            >
              <div
                className="clear-button"
              >
                Login
              </div>
            </Button>
          </a>
        </Link>
      </div>
    </form>
  </div>
</RegisterPage>
`;
